[2026-07-10T18:05:41+02:00] [1783699541-332d] [INFO] Starting update — Trace: 1783699541-332d, Mode: source, URL: https://bucht-der-traeumer.de
[2026-07-10T18:05:41+02:00] [1783699541-332d] [INFO] Dependencies OK: curl ✅, python3 ✅
[2026-07-10T18:05:41+02:00] [1783699541-332d] [INFO] Expected pages: cashless events performances workshops 
[2026-07-10T18:05:41+02:00] [1783699541-332d] [INFO] Fetching /cashless/ from https://bucht-der-traeumer.de/cashless/
[2026-07-10T18:05:42+02:00] [1783699541-332d] [INFO] /cashless/ fetched (  170050 bytes, HTTP 200)
[2026-07-10T18:05:42+02:00] [1783699541-332d] [INFO] Using FAQ extractor for cashless
Fetching https://bucht-der-traeumer.de/cashless/...
✅ Extracted 15 FAQ items
   Saved to: /Users/darius.kniessner/Dev/VaultOS/30-projects-active/2026-festival-pwa/standalone/data/cashless.json

   Sample:
   Q: Bargeldlos: was heißt das?...
   A: Bargeldlos heißt, dass weder Bargeld noch Kartenzahlung beim Bezahlen an Bars und Ständen auf dem Fe...
[2026-07-10T18:05:42+02:00] [1783699541-332d] [OK] /cashless/ FAQ extracted (   11144 bytes)
[2026-07-10T18:05:42+02:00] [1783699541-332d] [INFO] Fetching /events/ from https://bucht-der-traeumer.de/events/
[2026-07-10T18:05:47+02:00] [1783699541-332d] [ERROR] /events/ fetch failed — HTTP 404, 0 bytes
[2026-07-10T18:05:47+02:00] [1783699541-332d] [ERROR]   → Page not found — check if /events/ exists on https://bucht-der-traeumer.de
[2026-07-10T18:05:47+02:00] [1783699541-332d] [INFO] Fetching /performances/ from https://bucht-der-traeumer.de/performances/
[2026-07-10T18:05:47+02:00] [1783699541-332d] [INFO] /performances/ fetched (  198241 bytes, HTTP 200)
[2026-07-10T18:05:47+02:00] [1783699541-332d] [INFO] Using HTML parser for performances
[2026-07-10T18:05:47+02:00] [1783699541-332d] [OK] /performances/ parsed (    1515 bytes)
[2026-07-10T18:05:47+02:00] [1783699541-332d] [INFO] Fetching /workshops/ from https://bucht-der-traeumer.de/workshops/
[2026-07-10T18:05:48+02:00] [1783699541-332d] [INFO] /workshops/ fetched (  256995 bytes, HTTP 200)
[2026-07-10T18:05:48+02:00] [1783699541-332d] [INFO] Using HTML parser for workshops
[2026-07-10T18:05:48+02:00] [1783699541-332d] [OK] /workshops/ parsed (    4519 bytes)
[2026-07-10T18:05:48+02:00] [1783699541-332d] [INFO] Regenerating manifest
   ✅ Manifest updated: 4 content pages
[2026-07-10T18:05:48+02:00] [1783699541-332d] [INFO] Updating standalone.json
[2026-07-10T18:05:48+02:00] [1783699541-332d] [INFO] Busting Service Worker cache
[2026-07-10T18:05:48+02:00] [1783699541-332d] [OK] Cache renamed to bucht-standalone-v1783699548
